PASS Ressource présente : index.html
PASS Ressource présente : styles.css
PASS Ressource présente : app.js
PASS Ressource présente : sw.js
PASS Ressource présente : manifest.webmanifest
PASS Ressource présente : README.md
PASS Ressource présente : 404.html
PASS Ressource présente : assets/icon-192.png
PASS Ressource présente : assets/icon-512.png
PASS Manifeste en mode standalone
PASS Start URL relative compatible GitHub Pages
PASS Deux tailles d’icônes déclarées
PASS Icône 192×192 valide
PASS Icône 512×512 valide
PASS Huit fragments historiques présents
PASS Huit missions définies
PASS Fonctionnalité présente : localStorage
PASS Fonctionnalité présente : serviceWorker
PASS Fonctionnalité présente : speechSynthesis
PASS Fonctionnalité présente : Mode mission courte
PASS Fonctionnalité présente : Mode adulte
PASS Cache hors ligne référence ./
PASS Cache hors ligne référence ./index.html
PASS Cache hors ligne référence ./styles.css
PASS Cache hors ligne référence ./app.js
PASS Cache hors ligne référence ./manifest.webmanifest
PASS Cache hors ligne référence ./assets/icon-192.png
PASS Cache hors ligne référence ./assets/icon-512.png
PASS HTML/accessibilité : lang="fr"
PASS HTML/accessibilité : name="viewport"
PASS HTML/accessibilité : aria-live="polite"
PASS HTML/accessibilité : <main id="app"
PASS HTML/accessibilité : <link rel="manifest"
PASS IDs statiques cohérents (aucun manquant)

34/34 contrôles réussis
